// Jest Snapshot v1, https://goo.gl/fbAQLP

exports[`JobCard component rendering 1`] = `
.c4 {
  margin-top: 10px;
  line-height: 1.5;
}

.c4 h1,
.c4 h2,
.c4 h3,
.c4 h4,
.c4 h5,
.c4 h6 {
  font-size: 1rem;
  font-weight: 700;
  margin-top: 20px;
  margin-bottom: 2px;
}

.c5 {
  display: inline-block;
  font-weight: 600;
  border: 0;
  color: #fff;
  text-align: center;
  vertical-align: middle;
  -webkit-user-select: none;
  -moz-user-select: none;
  -ms-user-select: none;
  user-select: none;
  background-color: #F64F64;
  padding: 0.62rem 1.5rem;
  font-size: 14px;
  line-height: 1.5;
  border-radius: 0.25rem;
  -webkit-transition: color 0.15s ease-in-out,background-color 0.15s ease-in-out,border-color 0.15s ease-in-out,box-shadow 0.15s ease-in-out;
  transition: color 0.15s ease-in-out,background-color 0.15s ease-in-out,border-color 0.15s ease-in-out,box-shadow 0.15s ease-in-out;
  position: relative;
  background-color: #fff;
  padding: 0;
  color: #f64f64;
  z-index: 100;
  font-weight: 400;
}

.c5:hover {
  background-color: #db495b;
  color: #fff;
  -webkit-text-decoration: none;
  text-decoration: none;
}

.c5:hover {
  background-color: #fff;
  color: #f64f64;
}

.c6 {
  margin-top: 15px;
  display: -webkit-box;
  display: -webkit-flex;
  display: -ms-flexbox;
  display: flex;
  -webkit-flex-wrap: wrap;
  -ms-flex-wrap: wrap;
  flex-wrap: wrap;
}

.c7 {
  border-radius: 4px;
  font-size: 12px;
  font-weight: 700;
  color: #148C96;
  box-sizing: border-box;
  padding: 4px 10px;
  display: -webkit-inline-box;
  display: -webkit-inline-flex;
  display: -ms-inline-flexbox;
  display: inline-flex;
  -webkit-align-items: center;
  -webkit-box-align: center;
  -ms-flex-align: center;
  align-items: center;
  margin-right: 5px;
  border: 1px solid #148C96;
}

.c8 {
  border-radius: 4px;
  font-size: 12px;
  font-weight: 700;
  color: #CC3D86;
  box-sizing: border-box;
  padding: 4px 10px;
  display: -webkit-inline-box;
  display: -webkit-inline-flex;
  display: -ms-inline-flexbox;
  display: inline-flex;
  -webkit-align-items: center;
  -webkit-box-align: center;
  -ms-flex-align: center;
  align-items: center;
  margin-right: 5px;
  border: 1px solid #CC3D86;
}

.c3 {
  font-size: 20px;
  margin-top: 5px;
  font-weight: 700;
  line-height: 1.5;
  color: #383c43;
}

.c0 {
  display: -webkit-box;
  display: -webkit-flex;
  display: -ms-flexbox;
  display: flex;
  -webkit-flex-direction: column;
  -ms-flex-direction: column;
  flex-direction: column;
  padding: 20px;
  background-color: #fff;
  cursor: pointer;
  position: relative;
  border: 1px solid #e0dfde;
  border-radius: 0.25rem;
  margin-bottom: 1rem;
  -webkit-transition: box-shadow 0.2s ease-in-out;
  transition: box-shadow 0.2s ease-in-out;
}

.c0:hover .c2 {
  color: #f64f64;
}

.c0:hover {
  box-shadow: 0 0 0 1px rgba(56,60,67,0.07),0 0px 0px 0 rgba(56,60,67,0.15);
  -webkit-transition: box-shadow 0.25s ease-out;
  transition: box-shadow 0.25s ease-out;
}

.c1 {
  font-size: 14px;
  color: #757575;
}

.c9 {
  font-weight: 700;
  font-size: 14px;
  margin-top: 15px;
}

.c10 {
  display: -webkit-box;
  display: -webkit-flex;
  display: -ms-flexbox;
  display: flex;
}

.c11 {
  font-size: 14px;
  color: #757575;
  margin-top: 4px;
}

.c12 {
  bottom: 0px;
  left: 0px;
  position: absolute;
  right: 0px;
  top: 0px;
  display: block;
  z-index: 1;
}

<div
  class="c0"
>
  <div>
    <div
      class="c1"
    >
      <time
        datetime="1582040772274"
      >
        несколько секунд назад
      </time>
    </div>
    <div
      class="c2 c3"
    >
      The best job ever!
    </div>
    от NaN сум до NaN сум за месяц
  </div>
  <div
    class="c4"
  >
    <div
      class="mb-0"
    >
      Lorem ipsum dolor sit
  amet consectetur adipisicing elit. Autem quod dolor,
  molestias quo blanditiis, consequuntur architect
  distinctio asperiores porro voluptate provident
  officia dolore amet at totam deleniti animi nesciunt possimus?...
    </div>
    <button
      class="Button-sc-92zjmo-0 c5"
    >
      <strong>
        Подробнее ↓
      </strong>
    </button>
  </div>
  <div
    class="c6"
  >
    <span
      class="c7"
    >
      Без опыта
    </span>
    <span
      class="c8"
    >
      Неполный день
    </span>
  </div>
  <div
    class="c9"
  >
    My Compony
  </div>
  <div
    class="c10"
  >
    <div
      class="c11"
    >
      г. Ташкент
    </div>
  </div>
  <a
    class="c12"
    href="/vacancy/32131"
  />
</div>
`;
